// Jest Snapshot v1, https://goo.gl/fbAQLP

exports[`render all 1`] = `
<div>
  <div
    class="fr-ImageHeader-container fr-focus fr-h-100"
    data-testid="imageHeader"
    id="fr-image-1557335243965_022747485686284308"
    role="img"
    tabindex="0"
  >
    <div
      class="fr-image-header null fr-focus"
      style="height: 30vh; width: 90%; background-color: lightgray; animation: pulse 1s infinite ease-in-out;"
    />
  </div>
</div>
`;
